// Jest Snapshot v1, https://goo.gl/fbAQLP

exports[`velocity should have velocity in first (and only) event - x 1`] = `
Array [
  Object {
    "axisDeltas": Array [
      0,
      20,
    ],
    "axisVelocity": Array [
      0,
      0.05,
    ],
    "debugData": null,
    "deltaTotal": 20,
    "isMomentum": false,
    "type": "ANY_WHEEL_START",
    "willEndSoon": false,
  },
  Object {
    "axisDeltas": Array [
      0,
      20,
    ],
    "axisVelocity": Array [
      0,
      0.05,
    ],
    "debugData": null,
    "deltaTotal": 20,
    "isMomentum": false,
    "type": "WHEEL_START",
    "willEndSoon": false,
  },
  Object {
    "axisDeltas": Array [
      0,
      20,
    ],
    "axisVelocity": Array [
      0,
      0.05,
    ],
    "debugData": null,
    "deltaTotal": 20,
    "isMomentum": false,
    "type": "ANY_WHEEL",
    "willEndSoon": false,
  },
  Object {
    "axisDeltas": Array [
      0,
      20,
    ],
    "axisVelocity": Array [
      0,
      0.05,
    ],
    "debugData": null,
    "deltaTotal": 20,
    "isMomentum": false,
    "type": "WHEEL",
    "willEndSoon": false,
  },
  Object {
    "axisDeltas": Array [
      0,
      20,
    ],
    "axisVelocity": Array [
      0,
      0.05,
    ],
    "debugData": null,
    "deltaTotal": 20,
    "isMomentum": false,
    "type": "WHEEL_END",
    "willEndSoon": false,
  },
  Object {
    "axisDeltas": Array [
      0,
      20,
    ],
    "axisVelocity": Array [
      0,
      0.05,
    ],
    "debugData": null,
    "deltaTotal": 20,
    "isMomentum": false,
    "type": "ANY_WHEEL_END",
    "willEndSoon": false,
  },
]
`;
