// Jest Snapshot v1, https://goo.gl/fbAQLP

exports[`momentum detection recognized swipe right 2`] = `
Array [
  Object {
    "data": Object {
      "axisDeltas": Array [
        -962,
        0,
      ],
      "debugData": Object {
        "scrollPoints": Array [
          Object {
            "currentAbsDelta": 4,
            "currentDelta": -4,
            "timestamp": 1424,
          },
          Object {
            "currentAbsDelta": 10,
            "currentDelta": -9,
            "timestamp": 1446,
          },
          Object {
            "currentAbsDelta": 18,
            "currentDelta": -18,
            "timestamp": 1469,
          },
          Object {
            "currentAbsDelta": 27,
            "currentDelta": -26,
            "timestamp": 1492,
          },
          Object {
            "currentAbsDelta": 40,
            "currentDelta": -40,
            "timestamp": 1514,
          },
          Object {
            "currentAbsDelta": 69,
            "currentDelta": -68,
            "timestamp": 1545,
          },
          Object {
            "currentAbsDelta": 84,
            "currentDelta": -83,
            "timestamp": 1584,
          },
          Object {
            "currentAbsDelta": 83,
            "currentDelta": -83,
            "timestamp": 1617,
          },
          Object {
            "currentAbsDelta": 79,
            "currentDelta": -78,
            "timestamp": 1651,
          },
          Object {
            "currentAbsDelta": 70,
            "currentDelta": -69,
            "timestamp": 1684,
          },
          Object {
            "currentAbsDelta": 57,
            "currentDelta": -56,
            "timestamp": 1717,
          },
          Object {
            "currentAbsDelta": 47,
            "currentDelta": -47,
            "timestamp": 1751,
          },
          Object {
            "currentAbsDelta": 39,
            "currentDelta": -39,
            "timestamp": 1784,
          },
          Object {
            "currentAbsDelta": 32,
            "currentDelta": -31,
            "timestamp": 1817,
          },
          Object {
            "currentAbsDelta": 28,
            "currentDelta": -27,
            "timestamp": 1851,
          },
          Object {
            "currentAbsDelta": 23,
            "currentDelta": -23,
            "timestamp": 1884,
          },
          Object {
            "currentAbsDelta": 19,
            "currentDelta": -19,
            "timestamp": 1917,
          },
          Object {
            "currentAbsDelta": 16,
            "currentDelta": -16,
            "timestamp": 1951,
          },
          Object {
            "currentAbsDelta": 14,
            "currentDelta": -14,
            "timestamp": 1984,
          },
          Object {
            "currentAbsDelta": 12,
            "currentDelta": -12,
            "timestamp": 2017,
          },
          Object {
            "currentAbsDelta": 10,
            "currentDelta": -9,
            "timestamp": 2051,
          },
          Object {
            "currentAbsDelta": 9,
            "currentDelta": -8,
            "timestamp": 2084,
          },
          Object {
            "currentAbsDelta": 7,
            "currentDelta": -7,
            "timestamp": 2117,
          },
          Object {
            "currentAbsDelta": 7,
            "currentDelta": -6,
            "timestamp": 2151,
          },
          Object {
            "currentAbsDelta": 5,
            "currentDelta": -4,
            "timestamp": 2184,
          },
          Object {
            "currentAbsDelta": 4,
            "currentDelta": -4,
            "timestamp": 2217,
          },
          Object {
            "currentAbsDelta": 3,
            "currentDelta": -3,
            "timestamp": 2251,
          },
          Object {
            "currentAbsDelta": 3,
            "currentDelta": -2,
            "timestamp": 2284,
          },
          Object {
            "currentAbsDelta": 2,
            "currentDelta": -2,
            "timestamp": 2318,
          },
          Object {
            "currentAbsDelta": 1,
            "currentDelta": -1,
            "timestamp": 2351,
          },
          Object {
            "currentAbsDelta": 1,
            "currentDelta": -1,
            "timestamp": 2392,
          },
          Object {
            "currentAbsDelta": 1,
            "currentDelta": -1,
            "timestamp": 2442,
          },
        ],
        "scrollPointsToMerge": Array [],
      },
      "deltaTotal": -962,
      "deltaVelocity": -3471.322763330397,
      "isMomentum": true,
      "isScrolling": true,
      "type": "WHEEL_END",
      "willEndSoon": false,
    },
    "range": Array [
      0,
      19,
    ],
    "wheelType": "WHEEL",
  },
  Object {
    "data": Object {
      "axisDeltas": Array [
        -1634,
        0,
      ],
      "debugData": Object {
        "scrollPoints": Array [
          Object {
            "currentAbsDelta": 4,
            "currentDelta": -4,
            "timestamp": 1424,
          },
          Object {
            "currentAbsDelta": 10,
            "currentDelta": -9,
            "timestamp": 1446,
          },
          Object {
            "currentAbsDelta": 18,
            "currentDelta": -18,
            "timestamp": 1469,
          },
          Object {
            "currentAbsDelta": 27,
            "currentDelta": -26,
            "timestamp": 1492,
          },
          Object {
            "currentAbsDelta": 40,
            "currentDelta": -40,
            "timestamp": 1514,
          },
          Object {
            "currentAbsDelta": 69,
            "currentDelta": -68,
            "timestamp": 1545,
          },
          Object {
            "currentAbsDelta": 84,
            "currentDelta": -83,
            "timestamp": 1584,
          },
          Object {
            "currentAbsDelta": 83,
            "currentDelta": -83,
            "timestamp": 1617,
          },
          Object {
            "currentAbsDelta": 79,
            "currentDelta": -78,
            "timestamp": 1651,
          },
          Object {
            "currentAbsDelta": 70,
            "currentDelta": -69,
            "timestamp": 1684,
          },
          Object {
            "currentAbsDelta": 57,
            "currentDelta": -56,
            "timestamp": 1717,
          },
          Object {
            "currentAbsDelta": 47,
            "currentDelta": -47,
            "timestamp": 1751,
          },
          Object {
            "currentAbsDelta": 39,
            "currentDelta": -39,
            "timestamp": 1784,
          },
          Object {
            "currentAbsDelta": 32,
            "currentDelta": -31,
            "timestamp": 1817,
          },
          Object {
            "currentAbsDelta": 28,
            "currentDelta": -27,
            "timestamp": 1851,
          },
          Object {
            "currentAbsDelta": 23,
            "currentDelta": -23,
            "timestamp": 1884,
          },
          Object {
            "currentAbsDelta": 19,
            "currentDelta": -19,
            "timestamp": 1917,
          },
          Object {
            "currentAbsDelta": 16,
            "currentDelta": -16,
            "timestamp": 1951,
          },
          Object {
            "currentAbsDelta": 14,
            "currentDelta": -14,
            "timestamp": 1984,
          },
          Object {
            "currentAbsDelta": 12,
            "currentDelta": -12,
            "timestamp": 2017,
          },
          Object {
            "currentAbsDelta": 10,
            "currentDelta": -9,
            "timestamp": 2051,
          },
          Object {
            "currentAbsDelta": 9,
            "currentDelta": -8,
            "timestamp": 2084,
          },
          Object {
            "currentAbsDelta": 7,
            "currentDelta": -7,
            "timestamp": 2117,
          },
          Object {
            "currentAbsDelta": 7,
            "currentDelta": -6,
            "timestamp": 2151,
          },
          Object {
            "currentAbsDelta": 5,
            "currentDelta": -4,
            "timestamp": 2184,
          },
          Object {
            "currentAbsDelta": 4,
            "currentDelta": -4,
            "timestamp": 2217,
          },
          Object {
            "currentAbsDelta": 3,
            "currentDelta": -3,
            "timestamp": 2251,
          },
          Object {
            "currentAbsDelta": 3,
            "currentDelta": -2,
            "timestamp": 2284,
          },
          Object {
            "currentAbsDelta": 2,
            "currentDelta": -2,
            "timestamp": 2318,
          },
          Object {
            "currentAbsDelta": 1,
            "currentDelta": -1,
            "timestamp": 2351,
          },
          Object {
            "currentAbsDelta": 1,
            "currentDelta": -1,
            "timestamp": 2392,
          },
          Object {
            "currentAbsDelta": 1,
            "currentDelta": -1,
            "timestamp": 2442,
          },
        ],
        "scrollPointsToMerge": Array [],
      },
      "deltaTotal": -1634,
      "deltaVelocity": -37.3589703072855,
      "isMomentum": true,
      "isScrolling": false,
      "type": "MOMENTUM_WHEEL_END",
      "willEndSoon": true,
    },
    "range": Array [
      19,
      63,
    ],
    "wheelType": "MOMENTUM_WHEEL",
  },
  Object {
    "data": Object {
      "axisDeltas": Array [
        -1634,
        0,
      ],
      "debugData": Object {
        "scrollPoints": Array [
          Object {
            "currentAbsDelta": 4,
            "currentDelta": -4,
            "timestamp": 1424,
          },
          Object {
            "currentAbsDelta": 10,
            "currentDelta": -9,
            "timestamp": 1446,
          },
          Object {
            "currentAbsDelta": 18,
            "currentDelta": -18,
            "timestamp": 1469,
          },
          Object {
            "currentAbsDelta": 27,
            "currentDelta": -26,
            "timestamp": 1492,
          },
          Object {
            "currentAbsDelta": 40,
            "currentDelta": -40,
            "timestamp": 1514,
          },
          Object {
            "currentAbsDelta": 69,
            "currentDelta": -68,
            "timestamp": 1545,
          },
          Object {
            "currentAbsDelta": 84,
            "currentDelta": -83,
            "timestamp": 1584,
          },
          Object {
            "currentAbsDelta": 83,
            "currentDelta": -83,
            "timestamp": 1617,
          },
          Object {
            "currentAbsDelta": 79,
            "currentDelta": -78,
            "timestamp": 1651,
          },
          Object {
            "currentAbsDelta": 70,
            "currentDelta": -69,
            "timestamp": 1684,
          },
          Object {
            "currentAbsDelta": 57,
            "currentDelta": -56,
            "timestamp": 1717,
          },
          Object {
            "currentAbsDelta": 47,
            "currentDelta": -47,
            "timestamp": 1751,
          },
          Object {
            "currentAbsDelta": 39,
            "currentDelta": -39,
            "timestamp": 1784,
          },
          Object {
            "currentAbsDelta": 32,
            "currentDelta": -31,
            "timestamp": 1817,
          },
          Object {
            "currentAbsDelta": 28,
            "currentDelta": -27,
            "timestamp": 1851,
          },
          Object {
            "currentAbsDelta": 23,
            "currentDelta": -23,
            "timestamp": 1884,
          },
          Object {
            "currentAbsDelta": 19,
            "currentDelta": -19,
            "timestamp": 1917,
          },
          Object {
            "currentAbsDelta": 16,
            "currentDelta": -16,
            "timestamp": 1951,
          },
          Object {
            "currentAbsDelta": 14,
            "currentDelta": -14,
            "timestamp": 1984,
          },
          Object {
            "currentAbsDelta": 12,
            "currentDelta": -12,
            "timestamp": 2017,
          },
          Object {
            "currentAbsDelta": 10,
            "currentDelta": -9,
            "timestamp": 2051,
          },
          Object {
            "currentAbsDelta": 9,
            "currentDelta": -8,
            "timestamp": 2084,
          },
          Object {
            "currentAbsDelta": 7,
            "currentDelta": -7,
            "timestamp": 2117,
          },
          Object {
            "currentAbsDelta": 7,
            "currentDelta": -6,
            "timestamp": 2151,
          },
          Object {
            "currentAbsDelta": 5,
            "currentDelta": -4,
            "timestamp": 2184,
          },
          Object {
            "currentAbsDelta": 4,
            "currentDelta": -4,
            "timestamp": 2217,
          },
          Object {
            "currentAbsDelta": 3,
            "currentDelta": -3,
            "timestamp": 2251,
          },
          Object {
            "currentAbsDelta": 3,
            "currentDelta": -2,
            "timestamp": 2284,
          },
          Object {
            "currentAbsDelta": 2,
            "currentDelta": -2,
            "timestamp": 2318,
          },
          Object {
            "currentAbsDelta": 1,
            "currentDelta": -1,
            "timestamp": 2351,
          },
          Object {
            "currentAbsDelta": 1,
            "currentDelta": -1,
            "timestamp": 2392,
          },
          Object {
            "currentAbsDelta": 1,
            "currentDelta": -1,
            "timestamp": 2442,
          },
        ],
        "scrollPointsToMerge": Array [],
      },
      "deltaTotal": -1634,
      "deltaVelocity": -37.3589703072855,
      "isMomentum": false,
      "isScrolling": false,
      "type": "ANY_WHEEL_END",
      "willEndSoon": true,
    },
    "range": Array [
      0,
      63,
    ],
    "wheelType": "ANY_WHEEL",
  },
]
`;
