// Jest Snapshot v1, https://goo.gl/fbAQLP

exports[`drag slow drag 1`] = `
Object {
  "phases": Array [
    Object {
      "range": Array [
        0,
        193,
      ],
      "wheelType": "WHEEL",
    },
    Object {
      "range": Array [
        0,
        193,
      ],
      "wheelType": "ANY_WHEEL",
    },
  ],
}
`;
