// Jest Snapshot v1, https://goo.gl/fbAQLP

exports[`velocity should have velocity in first (and only) event - x 1`] = `
Array [
  Object {
    "axisDelta": Array [
      0,
      20,
      0,
    ],
    "axisMovement": Array [
      0,
      20,
      0,
    ],
    "axisMovementProjection": Array [
      0,
      32.44999999999999,
      0,
    ],
    "axisVelocity": Array [
      0,
      0.05,
      0,
    ],
    "event": Object {
      "deltaMode": 0,
      "deltaX": 0,
      "deltaY": 20,
      "timeStamp": 0,
    },
    "isEnding": false,
    "isMomentum": false,
    "isMomentumCancel": false,
    "isStart": true,
    "previous": undefined,
  },
  Object {
    "axisDelta": Array [
      0,
      0,
      0,
    ],
    "axisMovement": Array [
      0,
      20,
      0,
    ],
    "axisMovementProjection": Array [
      0,
      32.44999999999999,
      0,
    ],
    "axisVelocity": Array [
      0,
      0.05,
      0,
    ],
    "event": Object {
      "deltaMode": 0,
      "deltaX": 0,
      "deltaY": 20,
      "timeStamp": 0,
    },
    "isEnding": true,
    "isMomentum": false,
    "isMomentumCancel": false,
    "isStart": false,
    "previous": Object {
      "axisDelta": Array [
        0,
        20,
        0,
      ],
      "axisMovement": Array [
        0,
        20,
        0,
      ],
      "axisMovementProjection": Array [
        0,
        32.44999999999999,
        0,
      ],
      "axisVelocity": Array [
        0,
        0.05,
        0,
      ],
      "event": Object {
        "deltaMode": 0,
        "deltaX": 0,
        "deltaY": 20,
        "timeStamp": 0,
      },
      "isEnding": false,
      "isMomentum": false,
      "isMomentumCancel": false,
      "isStart": true,
    },
  },
]
`;
